// Jest Snapshot v1, https://goo.gl/fbAQLP

exports[`It should render the homepage components correctly 1`] = `
Object {
  "asFragment": [Function],
  "baseElement": <body>
    <div>
      <div
        class="home"
      >
        <div
          class="map1"
        >
          <img
            alt="europe map"
            class="map-photo"
            src="europe.png"
          />
          <div>
            <h3
              class="europe-title"
            >
              europe
            </h3>
            <p
              class="europe-title"
            >
              746.4 Million
            </p>
          </div>
          <input
            class="search"
            placeholder="Search"
            type="search"
            value=""
          />
        </div>
        <div
          class="title-div"
        >
          <h3
            class="title"
          >
            See All Countries
          </h3>
        </div>
        <div>
          <div
            class="container"
          />
        </div>
      </div>
    </div>
  </body>,
  "container": <div>
    <div
      class="home"
    >
      <div
        class="map1"
      >
        <img
          alt="europe map"
          class="map-photo"
          src="europe.png"
        />
        <div>
          <h3
            class="europe-title"
          >
            europe
          </h3>
          <p
            class="europe-title"
          >
            746.4 Million
          </p>
        </div>
        <input
          class="search"
          placeholder="Search"
          type="search"
          value=""
        />
      </div>
      <div
        class="title-div"
      >
        <h3
          class="title"
        >
          See All Countries
        </h3>
      </div>
      <div>
        <div
          class="container"
        />
      </div>
    </div>
  </div>,
  "debug": [Function],
  "findAllByAltText": [Function],
  "findAllByDisplayValue": [Function],
  "findAllByLabelText": [Function],
  "findAllByPlaceholderText": [Function],
  "findAllByRole": [Function],
  "findAllByTestId": [Function],
  "findAllByText": [Function],
  "findAllByTitle": [Function],
  "findByAltText": [Function],
  "findByDisplayValue": [Function],
  "findByLabelText": [Function],
  "findByPlaceholderText": [Function],
  "findByRole": [Function],
  "findByTestId": [Function],
  "findByText": [Function],
  "findByTitle": [Function],
  "getAllByAltText": [Function],
  "getAllByDisplayValue": [Function],
  "getAllByLabelText": [Function],
  "getAllByPlaceholderText": [Function],
  "getAllByRole": [Function],
  "getAllByTestId": [Function],
  "getAllByText": [Function],
  "getAllByTitle": [Function],
  "getByAltText": [Function],
  "getByDisplayValue": [Function],
  "getByLabelText": [Function],
  "getByPlaceholderText": [Function],
  "getByRole": [Function],
  "getByTestId": [Function],
  "getByText": [Function],
  "getByTitle": [Function],
  "queryAllByAltText": [Function],
  "queryAllByDisplayValue": [Function],
  "queryAllByLabelText": [Function],
  "queryAllByPlaceholderText": [Function],
  "queryAllByRole": [Function],
  "queryAllByTestId": [Function],
  "queryAllByText": [Function],
  "queryAllByTitle": [Function],
  "queryByAltText": [Function],
  "queryByDisplayValue": [Function],
  "queryByLabelText": [Function],
  "queryByPlaceholderText": [Function],
  "queryByRole": [Function],
  "queryByTestId": [Function],
  "queryByText": [Function],
  "queryByTitle": [Function],
  "rerender": [Function],
  "unmount": [Function],
}
`;
